error[E0635]: unknown feature `const_fn_trait_ref_impls`
  --> $DIR/fn_trait_refs.rs:3:12
   |
LL | #![feature(const_fn_trait_ref_impls)]
   |            ^^^^^^^^^^^^^^^^^^^^^^^^

error: aborting due to 1 previous error

For more information about this error, try `rustc --explain E0635`.
